// Jest Snapshot v1, https://goo.gl/fbAQLP

exports[`FormInline Component matches normal FormInline 1`] = `
.c0 {
  display: -webkit-box;
  display: -webkit-flex;
  display: -ms-flexbox;
  display: flex;
  -webkit-flex-flow: row wrap;
  -ms-flex-flow: row wrap;
  flex-flow: row wrap;
  -webkit-align-items: center;
  -webkit-box-align: center;
  -ms-flex-align: center;
  align-items: center;
  box-sizing: border-box;
}

@media (min-width:576px) {

}

@media (min-width:768px) {

}

@media (min-width:992px) {

}

@media (min-width:1200px) {

}

<form
  class="sc-fzqBZW c0"
/>
`;
