// Jest Snapshot v1, https://goo.gl/fbAQLP

exports[`Row component matched Row styled 1`] = `
.c0 {
  display: -webkit-box;
  display: -webkit-flex;
  display: -ms-flexbox;
  display: flex;
  -webkit-flex-wrap: wrap;
  -ms-flex-wrap: wrap;
  flex-wrap: wrap;
  margin-right: -15px;
  margin-left: -15px;
}

@media (min-width:576px) {

}

@media (min-width:768px) {

}

@media (min-width:992px) {

}

@media (min-width:1200px) {

}

<div
  class="sc-fznyAO c0"
/>
`;
