// Jest Snapshot v1, https://goo.gl/fbAQLP

exports[`CardBody Component matches CardBody 1`] = `
.c0 {
  -webkit-flex: 1 1 auto;
  -ms-flex: 1 1 auto;
  flex: 1 1 auto;
  padding: 1.25rem;
}

.c0 > a:hover {
  -webkit-text-decoration: none;
  text-decoration: none;
}

.c0 > a + a {
  margin-left: 1.25rem;
}

@media (min-width:576px) {

}

@media (min-width:768px) {

}

@media (min-width:992px) {

}

@media (min-width:1200px) {

}

<div
  class="sc-fznyAO c0"
/>
`;
