// Jest Snapshot v1, https://goo.gl/fbAQLP

exports[`InputGroupText matches InputGroupText 1`] = `undefined`;
